(node:*) ExperimentalWarning: --experimental-loader is an experimental feature. This feature could change at any time
(Use `* --trace-warnings ...` to show where the warning was created)
node:internal/errors:*
    ErrorCaptureStackTrace(err);
    ^
Error [ERR_MODULE_NOT_FOUND]: Cannot find package 'i-dont-exist' imported from *
    at new NodeError (node:internal/errors:*:*)
    at packageResolve (node:internal/modules/esm/resolve:*:*)
    at moduleResolve (node:internal/modules/esm/resolve:*:*)
    at Loader.defaultResolve [as _resolve] (node:internal/modules/esm/resolve:*:*)
    at Loader.resolve (node:internal/modules/esm/loader:*:*)
    at Loader.getModuleJob (node:internal/modules/esm/loader:*:*)
    at Loader.import (node:internal/modules/esm/loader:*:*)
    at node:internal/process/esm_loader:*:*
    at initializeLoader (node:internal/process/esm_loader:*:*)
    at Object.loadESM (node:internal/process/esm_loader:*:*) {
  code: 'ERR_MODULE_NOT_FOUND'
}
